-- ===================================================================
-- Validation for USER MAPPING options
-- ===================================================================
--
-- User mapping creation fails if protocol option is provided
--
CREATE USER MAPPING FOR pxf_fdw_user
    SERVER pxf_fdw_test_server
    OPTIONS ( protocol 'usermappingprotocol' );
ERROR:  the protocol option can only be defined at the pg_foreign_data_wrapper level
--
-- User mapping creation fails if resource option is provided
--
CREATE USER MAPPING FOR pxf_fdw_user
    SERVER pxf_fdw_test_server
    OPTIONS ( resource '/invalid/option/for/user/mapping' );
ERROR:  the resource option can only be defined at the pg_foreign_table level
--
-- User mapping creation fails if header option is provided
--
CREATE USER MAPPING FOR pxf_fdw_user
    SERVER pxf_fdw_test_server
    OPTIONS ( header 'TRUE' );
ERROR:  invalid option "header"
HINT:  There are no valid options in this context.
--
-- User mapping creation fails if delimiter option is provided
--
CREATE USER MAPPING FOR pxf_fdw_user
    SERVER pxf_fdw_test_server
    OPTIONS ( delimiter ' ' );
ERROR:  invalid option "delimiter"
HINT:  There are no valid options in this context.
--
-- User mapping creation fails if quote option is provided
--
CREATE USER MAPPING FOR pxf_fdw_user
    SERVER pxf_fdw_test_server
    OPTIONS ( quote '`' );
ERROR:  invalid option "quote"
HINT:  There are no valid options in this context.
--
-- User mapping creation fails if escape option is provided
--
CREATE USER MAPPING FOR pxf_fdw_user
    SERVER pxf_fdw_test_server
    OPTIONS ( escape '\' );
ERROR:  invalid option "escape"
HINT:  There are no valid options in this context.
--
-- User mapping creation fails if null option is provided
--
CREATE USER MAPPING FOR pxf_fdw_user
    SERVER pxf_fdw_test_server
    OPTIONS ( null '' );
ERROR:  invalid option "null"
HINT:  There are no valid options in this context.
--
-- User mapping creation fails if encoding option is provided
--
CREATE USER MAPPING FOR pxf_fdw_user
    SERVER pxf_fdw_test_server
    OPTIONS ( encoding 'UTF-8' );
ERROR:  invalid option "encoding"
HINT:  There are no valid options in this context.
--
-- User mapping creation fails if newline option is provided
--
CREATE USER MAPPING FOR pxf_fdw_user
    SERVER pxf_fdw_test_server
    OPTIONS ( newline 'CRLF' );
ERROR:  invalid option "newline"
HINT:  There are no valid options in this context.
--
-- User mapping creation fails if fill_missing_fields option is provided
--
CREATE USER MAPPING FOR pxf_fdw_user
    SERVER pxf_fdw_test_server
    OPTIONS ( fill_missing_fields '' );
ERROR:  invalid option "fill_missing_fields"
HINT:  There are no valid options in this context.
--
-- User mapping creation fails if force_null option is provided
--
CREATE USER MAPPING FOR pxf_fdw_user
    SERVER pxf_fdw_test_server
    OPTIONS ( force_null 'true' );
ERROR:  invalid option "force_null"
HINT:  There are no valid options in this context.
--
-- User mapping creation fails if force_not_null option is provided
--
CREATE USER MAPPING FOR pxf_fdw_user
    SERVER pxf_fdw_test_server
    OPTIONS ( force_not_null 'true' );
ERROR:  invalid option "force_not_null"
HINT:  There are no valid options in this context.
--
-- User mapping creation fails if reject_limit option is provided
--
CREATE USER MAPPING FOR pxf_fdw_user
    SERVER pxf_fdw_test_server
    OPTIONS ( reject_limit '5' );
ERROR:  the reject_limit option can only be defined at the pg_foreign_table level
--
-- User mapping creation fails if reject_limit_type option is provided
--
CREATE USER MAPPING FOR pxf_fdw_user
    SERVER pxf_fdw_test_server
    OPTIONS ( reject_limit_type 'rows' );
ERROR:  the reject_limit_type option can only be defined at the pg_foreign_table level
--
-- User mapping creation fails if log_errors option is provided
--
CREATE USER MAPPING FOR pxf_fdw_user
    SERVER pxf_fdw_test_server
    OPTIONS ( log_errors 'true' );
ERROR:  the log_errors option can only be defined at the pg_foreign_table level
--
-- User mapping creation fails if mpp_execute option is provided
--
CREATE USER MAPPING FOR pxf_fdw_user
    SERVER pxf_fdw_test_server
    OPTIONS ( mpp_execute 'any' );
ERROR:  the mpp_execute option cannot be defined at the user mapping level
--
-- User mapping creation fails if config option is provided
--
CREATE USER MAPPING FOR pxf_fdw_user
    SERVER pxf_fdw_test_server
    OPTIONS ( config '/foo/bar' );
ERROR:  the config option can only be defined at the pg_foreign_server level
--
-- User mapping creation succeeds if protocol option is not provided
--
CREATE USER MAPPING FOR pxf_fdw_user
    SERVER pxf_fdw_test_server;
--
-- User mapping alteration fails if protocol option is added
--
ALTER USER MAPPING FOR pxf_fdw_user
    SERVER pxf_fdw_test_server
    OPTIONS ( ADD protocol 'usermappingprotocol' );
ERROR:  the protocol option can only be defined at the pg_foreign_data_wrapper level
--
-- User mapping alteration fails if resource option is added
--
ALTER USER MAPPING FOR pxf_fdw_user
    SERVER pxf_fdw_test_server
    OPTIONS ( ADD resource '/invalid/option/for/user/mapping' );
ERROR:  the resource option can only be defined at the pg_foreign_table level
--
-- User mapping alteration fails if header option is added
--
ALTER USER MAPPING FOR pxf_fdw_user
    SERVER pxf_fdw_test_server
    OPTIONS ( ADD header 'TRUE' );
ERROR:  invalid option "header"
HINT:  There are no valid options in this context.
--
-- User mapping alteration fails if delimiter option is added
--
ALTER USER MAPPING FOR pxf_fdw_user
    SERVER pxf_fdw_test_server
    OPTIONS ( ADD delimiter ' ' );
ERROR:  invalid option "delimiter"
HINT:  There are no valid options in this context.
--
-- User mapping alteration fails if quote option is added
--
ALTER USER MAPPING FOR pxf_fdw_user
    SERVER pxf_fdw_test_server
    OPTIONS ( ADD quote '`' );
ERROR:  invalid option "quote"
HINT:  There are no valid options in this context.
--
-- User mapping alteration fails if escape option is added
--
ALTER USER MAPPING FOR pxf_fdw_user
    SERVER pxf_fdw_test_server
    OPTIONS ( ADD escape '\' );
ERROR:  invalid option "escape"
HINT:  There are no valid options in this context.
--
-- User mapping alteration fails if null option is added
--
ALTER USER MAPPING FOR pxf_fdw_user
    SERVER pxf_fdw_test_server
    OPTIONS ( ADD null '' );
ERROR:  invalid option "null"
HINT:  There are no valid options in this context.
--
-- User mapping alteration fails if encoding option is added
--
ALTER USER MAPPING FOR pxf_fdw_user
    SERVER pxf_fdw_test_server
    OPTIONS ( ADD encoding 'UTF-8' );
ERROR:  invalid option "encoding"
HINT:  There are no valid options in this context.
--
-- User mapping alteration fails if newline option is added
--
ALTER USER MAPPING FOR pxf_fdw_user
    SERVER pxf_fdw_test_server
    OPTIONS ( ADD newline 'CRLF' );
ERROR:  invalid option "newline"
HINT:  There are no valid options in this context.
--
-- User mapping alteration fails if fill_missing_fields option is added
--
ALTER USER MAPPING FOR pxf_fdw_user
    SERVER pxf_fdw_test_server
    OPTIONS ( ADD fill_missing_fields '' );
ERROR:  invalid option "fill_missing_fields"
HINT:  There are no valid options in this context.
--
-- User mapping alteration fails if force_null option is added
--
ALTER USER MAPPING FOR pxf_fdw_user
    SERVER pxf_fdw_test_server
    OPTIONS ( ADD force_null 'true' );
ERROR:  invalid option "force_null"
HINT:  There are no valid options in this context.
--
-- User mapping alteration fails if force_not_null option is added
--
ALTER USER MAPPING FOR pxf_fdw_user
    SERVER pxf_fdw_test_server
    OPTIONS ( ADD force_not_null 'true' );
ERROR:  invalid option "force_not_null"
HINT:  There are no valid options in this context.
--
-- User mapping alteration fails if reject_limit option is added
--
ALTER USER MAPPING FOR pxf_fdw_user
    SERVER pxf_fdw_test_server
    OPTIONS ( ADD reject_limit '5' );
ERROR:  the reject_limit option can only be defined at the pg_foreign_table level
--
-- User mapping alteration fails if reject_limit_type option is added
--
ALTER USER MAPPING FOR pxf_fdw_user
    SERVER pxf_fdw_test_server
    OPTIONS ( ADD reject_limit_type 'rows' );
ERROR:  the reject_limit_type option can only be defined at the pg_foreign_table level
--
-- User mapping alteration fails if log_errors option is added
--
ALTER USER MAPPING FOR pxf_fdw_user
    SERVER pxf_fdw_test_server
    OPTIONS ( ADD log_errors 'true' );
ERROR:  the log_errors option can only be defined at the pg_foreign_table level
--
-- User mapping alteration fails if mpp_execute option is added
--
ALTER USER MAPPING FOR pxf_fdw_user
    SERVER pxf_fdw_test_server
    OPTIONS ( ADD mpp_execute 'any' );
ERROR:  the mpp_execute option cannot be defined at the user mapping level
--
-- User mapping alteration fails if config option is added
--
ALTER USER MAPPING FOR pxf_fdw_user
    SERVER pxf_fdw_test_server
    OPTIONS ( ADD config '/foo/bar' );
ERROR:  the config option can only be defined at the pg_foreign_server level
